Vercel CLI 50.15.1
Retrieving project…
Deploying moodstu/project-v9q6z
Uploading [--------------------] (0.0B/816.8KB)
Uploading [=====---------------] (208.2KB/816.8KB)
Uploading [==========----------] (416.2KB/816.8KB)
Uploading [===============-----] (624.2KB/816.8KB)
Uploading [====================] (816.8KB/816.8KB)
Inspect: https://vercel.com/moodstu/project-v9q6z/DxJbtvmFXkJqqMTpzsH3SB3RRnDY [7s]
Production: https://project-v9q6z-eb3o53t46-moodstu.vercel.app [7s]
https://project-v9q6z-eb3o53t46-moodstu.vercel.appBuilding...
Building...
Building: Running build in Washington, D.C., USA (East) – iad1
Building: Build machine configuration: 2 cores, 8 GB
Building: Retrieving list of deployment files...
Building: Downloading 3345 deployment files...
Building: Restored build cache from previous deployment (9ybyrtZf97UxJbzsxyeGN4hXaJcA)
Building: Running "vercel build"
Building: Vercel CLI 54.4.1
Building: Installing dependencies...
Building: up to date in 2s
Building: 212 packages are looking for funding
Building: run `npm fund` for details
Building: Detected Next.js version: 16.2.6
Building: Running "npm run build"
Building: > mood-studio-temp@2.0.7 build
Building: > next build --webpack
Building: Applying modifyConfig from Vercel
Building: Warning: Custom Cache-Control headers detected for the following routes:
Building: - /_next/static/:path*
Building: Setting a custom Cache-Control header can break Next.js development behavior.
Building: ▲ Next.js 16.2.6 (webpack)
Building: - Experiments (use with caution):
Building: · clientTraceMetadata
Building: · optimizePackageImports
Building: · staleTimes
Building: Creating an optimized production build ...
Building: ✓ (pwa) Compiling for server...
Building: ✓ (pwa) Compiling for server...
Building: ✓ (pwa) Compiling for client (static)...
Building: ○ (pwa) Service worker: /vercel/path0/public/sw.js
Building: ○ (pwa)   URL: /sw.js
Building: ○ (pwa)   Scope: /
Building: ○ (pwa) This app will fallback to these precached routes when fetching from the cache and the network fails:
Building: ○ (pwa)   Documents (pages): /offline
Building: ○ (pwa) Custom runtimeCaching array found, using it instead of the default one.
Building: ✓ Compiled successfully in 72s
Building: Running TypeScript ...
Building: Finished TypeScript in 33.0s ...
Building: Collecting page data using 1 worker ...
Building: Generating static pages using 1 worker (0/31) ...
Building: Generating static pages using 1 worker (7/31)
Building: Generating static pages using 1 worker (15/31)
Building: Generating static pages using 1 worker (23/31)
Building: [withAuth] Error: Error: Dynamic server usage: Route /finance/expenses couldn't be rendered statically because it used `cookies`. See more info here: https://nextjs.org/docs/messages/dynamic-server-error
Building: at y (.next/server/chunks/3597.js:1:40746)
Building: at n (.next/server/chunks/524.js:1:6200)
Building: at <unknown> (.next/server/app/api/auth/callback/route.js:1:885)
Building: at <unknown> (.next/server/chunks/4454.js:1:3702)
Building: at <unknown> (.next/server/chunks/4454.js:1:6072)
Building: at i (.next/server/chunks/4454.js:1:2526)
Building: at <unknown> (.next/server/chunks/4454.js:1:6003) {
Building: description: "Route /finance/expenses couldn't be rendered statically because it used `cookies`. See more info here: https://nextjs.org/docs/messages/dynamic-server-error",
Building: digest: 'DYNAMIC_SERVER_USAGE'
Building: }
Building: ✓ Generating static pages using 1 worker (31/31) in 873ms
Building: Finalizing page optimization ...
Building: Collecting build traces ...
Building: Running onBuildComplete from Vercel
Building: Route (app)
Building: ┌ ○ /
Building: ├ ○ /_not-found
Building: ├ ○ /account-disabled
Building: ├ ƒ /admin/backfill-dimensions
Building: ├ ƒ /api/auth/callback
Building: ├ ƒ /api/auth/google
Building: ├ ƒ /api/auth/google/callback
Building: ├ ƒ /api/calendar/sync-worker
Building: ├ ƒ /api/contracts/[id]/prefetch
Building: ├ ƒ /api/drive-download/[fileId]
Building: ├ ƒ /api/gallery-download-batch/[token]
Building: ├ ƒ /api/gallery-download/[token]/[imageId]
Building: ├ ƒ /api/monitoring/web-vitals
Building: ├ ƒ /api/og/gallery/[slug]
Building: ├ ƒ /api/push/send
Building: ├ ƒ /api/push/subscribe
Building: ├ ƒ /api/run-migration
Building: ├ ƒ /api/test
Building: ├ ƒ /api/test-google
Building: ├ ○ /apple-icon.png
Building: ├ ƒ /audit-logs
Building: ├ ƒ /auth/callback
Building: ├ ƒ /auth/confirm
Building: ├ ƒ /calendar
Building: ├ ƒ /contracts
Building: ├ ƒ /contracts/[id]
Building: ├ ƒ /contracts/[id]/edit
Building: ├ ƒ /contracts/[id]/gallery
Building: ├ ƒ /contracts/[id]/print
Building: ├ ƒ /contracts/create
Building: ├ ƒ /crm
Building: ├ ƒ /crm/customers
Building: ├ ƒ /crm/customers/[id]
Building: ├ ƒ /crm/leads
Building: ├ ƒ /dashboard
Building: ├ ○ /dev/toast-test
Building: ├ ƒ /dresses
Building: ├ ƒ /dresses/rentals
Building: ├ ƒ /employees
Building: ├ ƒ /employees/[id]
Building: ├ ƒ /finance
Building: ├ ƒ /finance/budget
Building: ├ ƒ /finance/cashflow
Building: ├ ƒ /finance/categories
Building: ├ ƒ /finance/closes
Building: ├ ƒ /finance/closes/[id]
Building: ├ ƒ /finance/dashboard
Building: ├ ƒ /finance/debts
Building: ├ ƒ /finance/expenses
Building: ├ ƒ /finance/expenses/[id]
Building: ├ ƒ /finance/expenses/[id]/print
Building: ├ ƒ /finance/fixed-costs
Building: ├ ƒ /finance/goals
Building: ├ ƒ /finance/investments
Building: ├ ƒ /finance/lab-debts
Building: ├ ƒ /finance/receipts
Building: ├ ƒ /finance/receipts/[id]
Building: ├ ƒ /finance/receipts/[id]/print
Building: ├ ƒ /finance/salaries
Building: ├ ƒ /finance/vendor-debts
Building: ├ ○ /forgot-password
Building: ├ ƒ /gallery/[accessUrl]
Building: ├ ○ /icon.png
Building: ├ ƒ /inventory
Building: ├ ƒ /inventory/[id]
Building: ├ ○ /login
Building: ├ ƒ /moodie
Building: ├ ○ /offline
Building: ├ ƒ /printing
Building: ├ ƒ /printing/labs
Building: ├ ƒ /productivity
Building: ├ ƒ /reports
Building: ├ ○ /reset-password
Building: ├ ƒ /services
Building: ├ ƒ /services/[id]
Building: ├ ƒ /services/[id]/quote
Building: ├ ƒ /services/create
Building: ├ ƒ /settings
Building: ├ ƒ /settings/credit-cards
Building: └ ƒ /settings/studio
Building: ƒ Proxy (Middleware)
Building: ○  (Static)   prerendered as static content
Building: ƒ  (Dynamic)  server-rendered on demand
Building: Build Completed in /vercel/output [2m]
Building: Deploying outputs...
Building: Deployment completed
Building: Creating build cache...
[2K[1A[2K[GProduction: https://project-v9q6z-eb3o53t46-moodstu.vercel.app [3m]
Completing...
Aliased: https://stu.moodwedding.com [3m]

Common next commands:
- `vercel inspect project-v9q6z-eb3o53t46-moodstu.vercel.app --logs`
- `vercel redeploy project-v9q6z-eb3o53t46-moodstu.vercel.app`
