[     132ms] [LOG] [Fast Refresh] rebuilding @ http://localhost:3000/_next/static/chunks/0pnd_next_dist_0ys2pp5._.js:1074
[     388ms] [LOG] [Fast Refresh] done in 370ms @ http://localhost:3000/_next/static/chunks/0pnd_next_dist_0ys2pp5._.js:1074
[    1807ms] [INFO] [web-vitals] {id: v4-1781005256890-7431033354462, name: LCP, label: undefined, value: 764, rating: good} @ http://localhost:3000/_next/static/chunks/0pnd_next_dist_0ys2pp5._.js:1074
[    1807ms] [INFO] [web-vitals] {id: v4-1781005256903-3586476537209, name: CLS, label: undefined, value: 0, rating: good} @ http://localhost:3000/_next/static/chunks/0pnd_next_dist_0ys2pp5._.js:1074
[    1920ms] [INFO] %cDownload the React DevTools for a better development experience: https://react.dev/link/react-devtools font-weight:bold @ http://localhost:3000/_next/static/chunks/0pnd_next_dist_0ys2pp5._.js:1074
[    1954ms] [LOG] [HMR] connected @ http://localhost:3000/_next/static/chunks/0pnd_next_dist_0ys2pp5._.js:1074
[    1964ms] [WARNING] %c%s%c [auth-shell-profile] auth.employeeContext=1182ms background: #e6e6e6;background: light-dark(rgba(0,0,0,0.1), rgba(255,255,255,0.25));color: #000000;color: light-dark(#000000, #ffffff);border-radius: 2px  Server   @ http://localhost:3000/_next/static/chunks/0pnd_next_dist_0ys2pp5._.js:1074
[    1965ms] [WARNING] %c%s%c [auth-shell-profile] auth.context=1541ms background: #e6e6e6;background: light-dark(rgba(0,0,0,0.1), rgba(255,255,255,0.25));color: #000000;color: light-dark(#000000, #ffffff);border-radius: 2px  Server   @ http://localhost:3000/_next/static/chunks/0pnd_next_dist_0ys2pp5._.js:1074
[    2108ms] [INFO] [web-vitals] {id: v4-1781005552094-1776595280098, name: FCP, label: undefined, value: 1912, rating: needs-improvement} @ http://localhost:3000/_next/static/chunks/0pnd_next_dist_0ys2pp5._.js:1074
[    2108ms] [INFO] [web-vitals] {id: v4-1781005552094-3885976331719, name: TTFB, label: undefined, value: 1800, rating: needs-improvement} @ http://localhost:3000/_next/static/chunks/0pnd_next_dist_0ys2pp5._.js:1074
[    2109ms] [WARNING] Image with src "/logo.png" has "fill" but is missing "sizes" prop. Please add it to improve page performance. Read more: https://nextjs.org/docs/api-reference/next/image#sizes @ http://localhost:3000/_next/static/chunks/0pnd_next_dist_0ys2pp5._.js:1074
[    2211ms] [LOG] [Fast Refresh] rebuilding @ http://localhost:3000/_next/static/chunks/0pnd_next_dist_0ys2pp5._.js:1074
[    2360ms] [LOG] [Fast Refresh] done in 291ms @ http://localhost:3000/_next/static/chunks/0pnd_next_dist_0ys2pp5._.js:1074
[  218926ms] [LOG] [Fast Refresh] rebuilding @ http://localhost:3000/_next/static/chunks/0pnd_next_dist_0ys2pp5._.js:1074
[  219463ms] [LOG] [Fast Refresh] done in 617ms @ http://localhost:3000/_next/static/chunks/0pnd_next_dist_0ys2pp5._.js:1074
[  220346ms] [LOG] [Fast Refresh] rebuilding @ http://localhost:3000/_next/static/chunks/0pnd_next_dist_0ys2pp5._.js:1074
[  220744ms] [LOG] [Fast Refresh] done in 508ms @ http://localhost:3000/_next/static/chunks/0pnd_next_dist_0ys2pp5._.js:1074
[  220864ms] [LOG] [Fast Refresh] rebuilding @ http://localhost:3000/_next/static/chunks/0pnd_next_dist_0ys2pp5._.js:1074
[  220906ms] [LOG] [Fast Refresh] done in 145ms @ http://localhost:3000/_next/static/chunks/0pnd_next_dist_0ys2pp5._.js:1074
[  223732ms] [LOG] [Fast Refresh] rebuilding @ http://localhost:3000/_next/static/chunks/0pnd_next_dist_0ys2pp5._.js:1074
[  224233ms] [LOG] [Fast Refresh] done in 587ms @ http://localhost:3000/_next/static/chunks/0pnd_next_dist_0ys2pp5._.js:1074
[  224483ms] [LOG] [Fast Refresh] rebuilding @ http://localhost:3000/_next/static/chunks/0pnd_next_dist_0ys2pp5._.js:1074
[  224781ms] [LOG] [Fast Refresh] done in 401ms @ http://localhost:3000/_next/static/chunks/0pnd_next_dist_0ys2pp5._.js:1074
[  224933ms] [LOG] [Fast Refresh] rebuilding @ http://localhost:3000/_next/static/chunks/0pnd_next_dist_0ys2pp5._.js:1074
[  225061ms] [LOG] [Fast Refresh] done in 230ms @ http://localhost:3000/_next/static/chunks/0pnd_next_dist_0ys2pp5._.js:1074
[  228898ms] [LOG] [Fast Refresh] rebuilding @ http://localhost:3000/_next/static/chunks/0pnd_next_dist_0ys2pp5._.js:1074
[  229294ms] [LOG] [Fast Refresh] done in 481ms @ http://localhost:3000/_next/static/chunks/0pnd_next_dist_0ys2pp5._.js:1074
[  229657ms] [LOG] [Fast Refresh] rebuilding @ http://localhost:3000/_next/static/chunks/0pnd_next_dist_0ys2pp5._.js:1074
[  230375ms] [LOG] [Fast Refresh] done in 823ms @ http://localhost:3000/_next/static/chunks/0pnd_next_dist_0ys2pp5._.js:1074
