[    2476ms] [INFO] %cDownload the React DevTools for a better development experience: https://react.dev/link/react-devtools font-weight:bold @ http://localhost:3000/_next/static/chunks/0pnd_next_dist_0ys2pp5._.js:1074
[    2593ms] [LOG] [HMR] connected @ http://localhost:3000/_next/static/chunks/0pnd_next_dist_0ys2pp5._.js:1074
[    2605ms] [WARNING] %c%s%c [auth-shell-profile] auth.context=1062ms background: #e6e6e6;background: light-dark(rgba(0,0,0,0.1), rgba(255,255,255,0.25));color: #000000;color: light-dark(#000000, #ffffff);border-radius: 2px  Server   @ http://localhost:3000/_next/static/chunks/0pnd_next_dist_0ys2pp5._.js:1074
[    2760ms] [LOG] [Fast Refresh] rebuilding @ http://localhost:3000/_next/static/chunks/0pnd_next_dist_0ys2pp5._.js:1074
[    2870ms] [INFO] [web-vitals] {id: v4-1781005047012-5591659680286, name: FCP, label: undefined, value: 2420, rating: needs-improvement} @ http://localhost:3000/_next/static/chunks/0pnd_next_dist_0ys2pp5._.js:1074
[    2870ms] [INFO] [web-vitals] {id: v4-1781005047012-5819939496565, name: TTFB, label: undefined, value: 2244, rating: poor} @ http://localhost:3000/_next/static/chunks/0pnd_next_dist_0ys2pp5._.js:1074
[    2878ms] [WARNING] Image with src "/logo.png" has "fill" but is missing "sizes" prop. Please add it to improve page performance. Read more: https://nextjs.org/docs/api-reference/next/image#sizes @ http://localhost:3000/_next/static/chunks/0pnd_next_dist_0ys2pp5._.js:1074
[    3031ms] [LOG] [Fast Refresh] done in 380ms @ http://localhost:3000/_next/static/chunks/0pnd_next_dist_0ys2pp5._.js:1074
[    3224ms] [LOG] [Fast Refresh] rebuilding @ http://localhost:3000/_next/static/chunks/0pnd_next_dist_0ys2pp5._.js:1074
[    4175ms] [LOG] [Fast Refresh] done in 1055ms @ http://localhost:3000/_next/static/chunks/0pnd_next_dist_0ys2pp5._.js:1074
[    7060ms] [LOG] [Fast Refresh] rebuilding @ http://localhost:3000/_next/static/chunks/0pnd_next_dist_0ys2pp5._.js:1074
[    7135ms] [LOG] [Fast Refresh] done in 186ms @ http://localhost:3000/_next/static/chunks/0pnd_next_dist_0ys2pp5._.js:1074
[   33789ms] [LOG] [Fast Refresh] rebuilding @ http://localhost:3000/_next/static/chunks/0pnd_next_dist_0ys2pp5._.js:1074
[   33790ms] [LOG] [Fast Refresh] done in 103ms @ http://localhost:3000/_next/static/chunks/0pnd_next_dist_0ys2pp5._.js:1074
[  106612ms] [LOG] [Fast Refresh] rebuilding @ http://localhost:3000/_next/static/chunks/0pnd_next_dist_0ys2pp5._.js:1074
[  107233ms] [LOG] [Fast Refresh] done in 706ms @ http://localhost:3000/_next/static/chunks/0pnd_next_dist_0ys2pp5._.js:1074
[  107779ms] [LOG] [Fast Refresh] rebuilding @ http://localhost:3000/_next/static/chunks/0pnd_next_dist_0ys2pp5._.js:1074
[  108204ms] [LOG] [Fast Refresh] done in 526ms @ http://localhost:3000/_next/static/chunks/0pnd_next_dist_0ys2pp5._.js:1074
[  112439ms] [LOG] [Fast Refresh] rebuilding @ http://localhost:3000/_next/static/chunks/0pnd_next_dist_0ys2pp5._.js:1074
[  112924ms] [LOG] [Fast Refresh] done in 564ms @ http://localhost:3000/_next/static/chunks/0pnd_next_dist_0ys2pp5._.js:1074
[  113304ms] [LOG] [Fast Refresh] rebuilding @ http://localhost:3000/_next/static/chunks/0pnd_next_dist_0ys2pp5._.js:1074
[  113642ms] [LOG] [Fast Refresh] done in 445ms @ http://localhost:3000/_next/static/chunks/0pnd_next_dist_0ys2pp5._.js:1074
[  113751ms] [LOG] [Fast Refresh] rebuilding @ http://localhost:3000/_next/static/chunks/0pnd_next_dist_0ys2pp5._.js:1074
[  114013ms] [LOG] [Fast Refresh] done in 369ms @ http://localhost:3000/_next/static/chunks/0pnd_next_dist_0ys2pp5._.js:1074
[  117638ms] [LOG] [Fast Refresh] rebuilding @ http://localhost:3000/_next/static/chunks/0pnd_next_dist_0ys2pp5._.js:1074
[  118197ms] [LOG] [Fast Refresh] done in 638ms @ http://localhost:3000/_next/static/chunks/0pnd_next_dist_0ys2pp5._.js:1074
[  118569ms] [LOG] [Fast Refresh] rebuilding @ http://localhost:3000/_next/static/chunks/0pnd_next_dist_0ys2pp5._.js:1074
[  119164ms] [LOG] [Fast Refresh] done in 696ms @ http://localhost:3000/_next/static/chunks/0pnd_next_dist_0ys2pp5._.js:1074
[  126040ms] [LOG] [Fast Refresh] rebuilding @ http://localhost:3000/_next/static/chunks/0pnd_next_dist_0ys2pp5._.js:1074
[  126480ms] [LOG] [Fast Refresh] done in 511ms @ http://localhost:3000/_next/static/chunks/0pnd_next_dist_0ys2pp5._.js:1074
[  126871ms] [LOG] [Fast Refresh] rebuilding @ http://localhost:3000/_next/static/chunks/0pnd_next_dist_0ys2pp5._.js:1074
[  127116ms] [LOG] [Fast Refresh] done in 349ms @ http://localhost:3000/_next/static/chunks/0pnd_next_dist_0ys2pp5._.js:1074
[  127229ms] [LOG] [Fast Refresh] rebuilding @ http://localhost:3000/_next/static/chunks/0pnd_next_dist_0ys2pp5._.js:1074
[  127497ms] [LOG] [Fast Refresh] done in 370ms @ http://localhost:3000/_next/static/chunks/0pnd_next_dist_0ys2pp5._.js:1074
[  130904ms] [LOG] [Fast Refresh] rebuilding @ http://localhost:3000/_next/static/chunks/0pnd_next_dist_0ys2pp5._.js:1074
[  131297ms] [LOG] [Fast Refresh] done in 473ms @ http://localhost:3000/_next/static/chunks/0pnd_next_dist_0ys2pp5._.js:1074
[  131659ms] [LOG] [Fast Refresh] rebuilding @ http://localhost:3000/_next/static/chunks/0pnd_next_dist_0ys2pp5._.js:1074
[  131946ms] [LOG] [Fast Refresh] done in 397ms @ http://localhost:3000/_next/static/chunks/0pnd_next_dist_0ys2pp5._.js:1074
[  132089ms] [LOG] [Fast Refresh] rebuilding @ http://localhost:3000/_next/static/chunks/0pnd_next_dist_0ys2pp5._.js:1074
[  132182ms] [LOG] [Fast Refresh] done in 201ms @ http://localhost:3000/_next/static/chunks/0pnd_next_dist_0ys2pp5._.js:1074
[  165672ms] [LOG] [Fast Refresh] rebuilding @ http://localhost:3000/_next/static/chunks/0pnd_next_dist_0ys2pp5._.js:1074
[  165997ms] [LOG] [Fast Refresh] done in 390ms @ http://localhost:3000/_next/static/chunks/0pnd_next_dist_0ys2pp5._.js:1074
[  166358ms] [LOG] [Fast Refresh] rebuilding @ http://localhost:3000/_next/static/chunks/0pnd_next_dist_0ys2pp5._.js:1074
[  166647ms] [LOG] [Fast Refresh] done in 395ms @ http://localhost:3000/_next/static/chunks/0pnd_next_dist_0ys2pp5._.js:1074
[  166775ms] [LOG] [Fast Refresh] rebuilding @ http://localhost:3000/_next/static/chunks/0pnd_next_dist_0ys2pp5._.js:1074
[  166857ms] [LOG] [Fast Refresh] done in 184ms @ http://localhost:3000/_next/static/chunks/0pnd_next_dist_0ys2pp5._.js:1074
