[     127ms] [LOG] [Fast Refresh] rebuilding @ http://localhost:3000/_next/static/chunks/0pnd_next_dist_0ys2pp5._.js:1074
[    1386ms] [LOG] [Fast Refresh] done in 1369ms @ http://localhost:3000/_next/static/chunks/0pnd_next_dist_0ys2pp5._.js:1074
[    2250ms] [INFO] [web-vitals] {id: v4-1780992170153-4695736349021, name: LCP, label: undefined, value: 2148, rating: good} @ http://localhost:3000/_next/static/chunks/0pnd_next_dist_0ys2pp5._.js:1074
[    2250ms] [INFO] [web-vitals] {id: v4-1780992170172-4642978060190, name: CLS, label: undefined, value: 0, rating: good} @ http://localhost:3000/_next/static/chunks/0pnd_next_dist_0ys2pp5._.js:1074
[    2330ms] [INFO] %cDownload the React DevTools for a better development experience: https://react.dev/link/react-devtools font-weight:bold @ http://localhost:3000/_next/static/chunks/0pnd_next_dist_0ys2pp5._.js:1074
[    2390ms] [LOG] [HMR] connected @ http://localhost:3000/_next/static/chunks/0pnd_next_dist_0ys2pp5._.js:1074
[    2421ms] [WARNING] %c%s%c [auth-shell-profile] auth.employeeContext=771ms background: #e6e6e6;background: light-dark(rgba(0,0,0,0.1), rgba(255,255,255,0.25));color: #000000;color: light-dark(#000000, #ffffff);border-radius: 2px  Server   @ http://localhost:3000/_next/static/chunks/0pnd_next_dist_0ys2pp5._.js:1074
[    2422ms] [WARNING] %c%s%c [auth-shell-profile] auth.context=857ms background: #e6e6e6;background: light-dark(rgba(0,0,0,0.1), rgba(255,255,255,0.25));color: #000000;color: light-dark(#000000, #ffffff);border-radius: 2px  Server   @ http://localhost:3000/_next/static/chunks/0pnd_next_dist_0ys2pp5._.js:1074
[    2558ms] [INFO] [web-vitals] {id: v4-1780992200572-1629835523337, name: FCP, label: undefined, value: 2308, rating: needs-improvement} @ http://localhost:3000/_next/static/chunks/0pnd_next_dist_0ys2pp5._.js:1074
[    2560ms] [WARNING] Image with src "/logo.png" has "fill" but is missing "sizes" prop. Please add it to improve page performance. Read more: https://nextjs.org/docs/api-reference/next/image#sizes @ http://localhost:3000/_next/static/chunks/0pnd_next_dist_0ys2pp5._.js:1074
[    2570ms] [LOG] [Fast Refresh] rebuilding @ http://localhost:3000/_next/static/chunks/0pnd_next_dist_0ys2pp5._.js:1074
[    2581ms] [LOG] [Fast Refresh] done in 116ms @ http://localhost:3000/_next/static/chunks/0pnd_next_dist_0ys2pp5._.js:1074
[    2917ms] [WARNING] %c%s%c [action-profile] finance.fetchExpenseStats 1309ms background: #e6e6e6;background: light-dark(rgba(0,0,0,0.1), rgba(255,255,255,0.25));color: #000000;color: light-dark(#000000, #ffffff);border-radius: 2px  Server   @ http://localhost:3000/_next/static/chunks/0pnd_next_dist_0ys2pp5._.js:1074
[    2917ms] [WARNING] %c%s%c [action-profile] finance.fetchExpenses 1531ms background: #e6e6e6;background: light-dark(rgba(0,0,0,0.1), rgba(255,255,255,0.25));color: #000000;color: light-dark(#000000, #ffffff);border-radius: 2px  Server   @ http://localhost:3000/_next/static/chunks/0pnd_next_dist_0ys2pp5._.js:1074
[    2958ms] [INFO] [web-vitals] {id: v4-1780992200572-5972403175798, name: TTFB, label: undefined, value: 2243, rating: poor} @ http://localhost:3000/_next/static/chunks/0pnd_next_dist_0ys2pp5._.js:1074
[    3219ms] [LOG] [Fast Refresh] rebuilding @ http://localhost:3000/_next/static/chunks/0pnd_next_dist_0ys2pp5._.js:1074
[    3274ms] [LOG] [Fast Refresh] done in 157ms @ http://localhost:3000/_next/static/chunks/0pnd_next_dist_0ys2pp5._.js:1074
[    6822ms] [LOG] [Fast Refresh] rebuilding @ http://localhost:3000/_next/static/chunks/0pnd_next_dist_0ys2pp5._.js:1074
[    6934ms] [LOG] [Fast Refresh] done in 224ms @ http://localhost:3000/_next/static/chunks/0pnd_next_dist_0ys2pp5._.js:1074
[   18341ms] [LOG] [Fast Refresh] rebuilding @ http://localhost:3000/_next/static/chunks/0pnd_next_dist_0ys2pp5._.js:1074
[   18404ms] [LOG] [Fast Refresh] done in 178ms @ http://localhost:3000/_next/static/chunks/0pnd_next_dist_0ys2pp5._.js:1074
[   30142ms] [LOG] [Fast Refresh] rebuilding @ http://localhost:3000/_next/static/chunks/0pnd_next_dist_0ys2pp5._.js:1074
[   30222ms] [LOG] [Fast Refresh] done in 195ms @ http://localhost:3000/_next/static/chunks/0pnd_next_dist_0ys2pp5._.js:1074
